src/screens/CreateCaseScreen.tsx(119,41): error TS2322: Type '"ghost"' is not assignable to type '"primary" | "secondary" | "outline" | "danger" | undefined'.
src/theme/ThemeContext.tsx(31,41): error TS2719: Type '{ readonly dark: false; readonly colors: { readonly background: string; readonly surface: string; readonly surfaceHighlight: string; readonly primary: string; readonly secondary: "#334155"; readonly accent: string; readonly text: { ...; }; readonly status: { ...; }; readonly border: string; }; readonly spacing: { .....' is not assignable to type '{ readonly dark: false; readonly colors: { readonly background: string; readonly surface: string; readonly surfaceHighlight: string; readonly primary: string; readonly secondary: "#334155"; readonly accent: string; readonly text: { ...; }; readonly status: { ...; }; readonly border: string; }; readonly spacing: { .....'. Two different types with this name exist, but they are unrelated.
  Type '{ readonly dark: true; readonly colors: { readonly background: string; readonly surface: string; readonly surfaceHighlight: string; readonly primary: "#60A5FA"; readonly secondary: "#94A3B8"; readonly text: { ...; }; readonly border: string; readonly accent: string; readonly status: { ...; }; }; readonly shadows: { ...' is not assignable to type '{ readonly dark: false; readonly colors: { readonly background: string; readonly surface: string; readonly surfaceHighlight: string; readonly primary: string; readonly secondary: "#334155"; readonly accent: string; readonly text: { ...; }; readonly status: { ...; }; readonly border: string; }; readonly spacing: { .....'.
    Types of property 'dark' are incompatible.
      Type 'true' is not assignable to type 'false'.
