src/screens/LoginScreen.tsx(32,24): error TS2322: Type '({ justifyContent: "center"; alignItems: "center"; padding: number; minHeight: "100%"; } | { backgroundColor: string; })[]' is not assignable to type 'ViewStyle'.
  Types of property 'filter' are incompatible.
    Type '{ <S extends { justifyContent: "center"; alignItems: "center"; padding: number; minHeight: "100%"; } | { backgroundColor: string; }>(predicate: (value: { justifyContent: "center"; alignItems: "center"; padding: number; minHeight: "100%"; } | { ...; }, index: number, array: ({ ...; } | { ...; })[]) => value is S, thi...' is not assignable to type 'string | readonly FilterFunction[] | undefined'.
src/screens/TimelineScreen.tsx(57,27): error TS2322: Type '({ marginBottom: number; padding: number; } | { borderLeftColor: string; borderLeftWidth: number; })[]' is not assignable to type 'ViewStyle'.
  Types of property 'filter' are incompatible.
    Type '{ <S extends { marginBottom: number; padding: number; } | { borderLeftColor: string; borderLeftWidth: number; }>(predicate: (value: { marginBottom: number; padding: number; } | { borderLeftColor: string; borderLeftWidth: number; }, index: number, array: ({ ...; } | { ...; })[]) => value is S, thisArg?: any): S[]; (p...' is not assignable to type 'string | readonly FilterFunction[] | undefined'.
src/theme/ThemeContext.tsx(31,41): error TS2719: Type '{ readonly dark: false; readonly colors: { readonly background: string; readonly surface: string; readonly surfaceHighlight: string; readonly primary: string; readonly secondary: "#334155"; readonly accent: string; readonly text: { ...; }; readonly status: { ...; }; readonly border: string; }; readonly spacing: { .....' is not assignable to type '{ readonly dark: false; readonly colors: { readonly background: string; readonly surface: string; readonly surfaceHighlight: string; readonly primary: string; readonly secondary: "#334155"; readonly accent: string; readonly text: { ...; }; readonly status: { ...; }; readonly border: string; }; readonly spacing: { .....'. Two different types with this name exist, but they are unrelated.
  Type '{ readonly dark: true; readonly colors: { readonly background: string; readonly surface: string; readonly surfaceHighlight: string; readonly primary: "#60A5FA"; readonly secondary: "#94A3B8"; readonly text: { ...; }; readonly border: string; readonly accent: string; readonly status: { ...; }; }; readonly shadows: { ...' is not assignable to type '{ readonly dark: false; readonly colors: { readonly background: string; readonly surface: string; readonly surfaceHighlight: string; readonly primary: string; readonly secondary: "#334155"; readonly accent: string; readonly text: { ...; }; readonly status: { ...; }; readonly border: string; }; readonly spacing: { .....'.
    Types of property 'dark' are incompatible.
      Type 'true' is not assignable to type 'false'.
